Analysis & Synthesis report for project_final
Tue Dec 04 20:37:01 2018
Quartus II 64-Bit Version 13.0.1 Build 232 06/12/2013 Service Pack 1 SJ Web Edition


---------------------
; Table of Contents ;
---------------------
  1. Legal Notice
  2. Analysis & Synthesis Summary
  3. Analysis & Synthesis Settings
  4. Parallel Compilation
  5. Analysis & Synthesis Source Files Read
  6. Analysis & Synthesis Resource Usage Summary
  7. Analysis & Synthesis Resource Utilization by Entity
  8. State Machine - |main|operation:main_controller|byEstate
  9. User-Specified and Inferred Latches
 10. General Register Statistics
 11. Inverted Register Statistics
 12. Multiplexer Restructuring Statistics (Restructuring Performed)
 13. Parameter Settings for User Entity Instance: operation:main_controller
 14. Port Connectivity Checks: "out_res:num_res|comp2bin:inst|ula:u1|fadder:f7"
 15. Port Connectivity Checks: "out_res:num_res|comp2bin:inst|ula:u1"
 16. Port Connectivity Checks: "teclado:key_binder|controlador:U0|Debouncer:d3"
 17. Port Connectivity Checks: "teclado:key_binder|controlador:U0|Debouncer:d2"
 18. Port Connectivity Checks: "teclado:key_binder|controlador:U0|Debouncer:d1"
 19. Port Connectivity Checks: "teclado:key_binder|controlador:U0|Debouncer:d0"
 20. Elapsed Time Per Partition
 21. Analysis & Synthesis Messages



----------------
; Legal Notice ;
----------------
Copyright (C) 1991-2013 Altera Corporation
Your use of Altera Corporation's design tools, logic functions 
and other software and tools, and its AMPP partner logic 
functions, and any output files from any of the foregoing 
(including device programming or simulation files), and any 
associated documentation or information are expressly subject 
to the terms and conditions of the Altera Program License 
Subscription Agreement, Altera MegaCore Function License 
Agreement, or other applicable license agreement, including, 
without limitation, that your use is for the sole purpose of 
programming logic devices manufactured by Altera and sold by 
Altera or its authorized distributors.  Please refer to the 
applicable agreement for further details.



+--------------------------------------------------------------------------------------+
; Analysis & Synthesis Summary                                                         ;
+------------------------------------+-------------------------------------------------+
; Analysis & Synthesis Status        ; Successful - Tue Dec 04 20:37:01 2018           ;
; Quartus II 64-Bit Version          ; 13.0.1 Build 232 06/12/2013 SP 1 SJ Web Edition ;
; Revision Name                      ; project_final                                   ;
; Top-level Entity Name              ; main                                            ;
; Family                             ; Cyclone II                                      ;
; Total logic elements               ; 504                                             ;
;     Total combinational functions  ; 469                                             ;
;     Dedicated logic registers      ; 214                                             ;
; Total registers                    ; 214                                             ;
; Total pins                         ; 96                                              ;
; Total virtual pins                 ; 0                                               ;
; Total memory bits                  ; 0                                               ;
; Embedded Multiplier 9-bit elements ; 0                                               ;
; Total PLLs                         ; 0                                               ;
+------------------------------------+-------------------------------------------------+


+----------------------------------------------------------------------------------------------------------------------+
; Analysis & Synthesis Settings                                                                                        ;
+----------------------------------------------------------------------------+--------------------+--------------------+
; Option                                                                     ; Setting            ; Default Value      ;
+----------------------------------------------------------------------------+--------------------+--------------------+
; Device                                                                     ; EP2C35F672C6       ;                    ;
; Top-level entity name                                                      ; main               ; project_final      ;
; Family name                                                                ; Cyclone II         ; Cyclone IV GX      ;
; Verilog Show LMF Mapping Messages                                          ; Off                ;                    ;
; Verilog Version                                                            ; SystemVerilog_2005 ; Verilog_2001       ;
; Use smart compilation                                                      ; Off                ; Off                ;
; Enable parallel Assembler and TimeQuest Timing Analyzer during compilation ; On                 ; On                 ;
; Enable compact report table                                                ; Off                ; Off                ;
; Restructure Multiplexers                                                   ; Auto               ; Auto               ;
; Create Debugging Nodes for IP Cores                                        ; Off                ; Off                ;
; Preserve fewer node names                                                  ; On                 ; On                 ;
; Disable OpenCore Plus hardware evaluation                                  ; Off                ; Off                ;
; VHDL Version                                                               ; VHDL_1993          ; VHDL_1993          ;
; State Machine Processing                                                   ; Auto               ; Auto               ;
; Safe State Machine                                                         ; Off                ; Off                ;
; Extract Verilog State Machines                                             ; On                 ; On                 ;
; Extract VHDL State Machines                                                ; On                 ; On                 ;
; Ignore Verilog initial constructs                                          ; Off                ; Off                ;
; Iteration limit for constant Verilog loops                                 ; 5000               ; 5000               ;
; Iteration limit for non-constant Verilog loops                             ; 250                ; 250                ;
; Add Pass-Through Logic to Inferred RAMs                                    ; On                 ; On                 ;
; Infer RAMs from Raw Logic                                                  ; On                 ; On                 ;
; Parallel Synthesis                                                         ; On                 ; On                 ;
; DSP Block Balancing                                                        ; Auto               ; Auto               ;
; NOT Gate Push-Back                                                         ; On                 ; On                 ;
; Power-Up Don't Care                                                        ; On                 ; On                 ;
; Remove Redundant Logic Cells                                               ; Off                ; Off                ;
; Remove Duplicate Registers                                                 ; On                 ; On                 ;
; Ignore CARRY Buffers                                                       ; Off                ; Off                ;
; Ignore CASCADE Buffers                                                     ; Off                ; Off                ;
; Ignore GLOBAL Buffers                                                      ; Off                ; Off                ;
; Ignore ROW GLOBAL Buffers                                                  ; Off                ; Off                ;
; Ignore LCELL Buffers                                                       ; Off                ; Off                ;
; Ignore SOFT Buffers                                                        ; On                 ; On                 ;
; Limit AHDL Integers to 32 Bits                                             ; Off                ; Off                ;
; Optimization Technique                                                     ; Balanced           ; Balanced           ;
; Carry Chain Length                                                         ; 70                 ; 70                 ;
; Auto Carry Chains                                                          ; On                 ; On                 ;
; Auto Open-Drain Pins                                                       ; On                 ; On                 ;
; Perform WYSIWYG Primitive Resynthesis                                      ; Off                ; Off                ;
; Auto ROM Replacement                                                       ; On                 ; On                 ;
; Auto RAM Replacement                                                       ; On                 ; On                 ;
; Auto Shift Register Replacement                                            ; Auto               ; Auto               ;
; Allow Shift Register Merging across Hierarchies                            ; Auto               ; Auto               ;
; Auto Clock Enable Replacement                                              ; On                 ; On                 ;
; Strict RAM Replacement                                                     ; Off                ; Off                ;
; Allow Synchronous Control Signals                                          ; On                 ; On                 ;
; Force Use of Synchronous Clear Signals                                     ; Off                ; Off                ;
; Auto RAM to Logic Cell Conversion                                          ; Off                ; Off                ;
; Auto Resource Sharing                                                      ; Off                ; Off                ;
; Allow Any RAM Size For Recognition                                         ; Off                ; Off                ;
; Allow Any ROM Size For Recognition                                         ; Off                ; Off                ;
; Allow Any Shift Register Size For Recognition                              ; Off                ; Off                ;
; Use LogicLock Constraints during Resource Balancing                        ; On                 ; On                 ;
; Ignore translate_off and synthesis_off directives                          ; Off                ; Off                ;
; Timing-Driven Synthesis                                                    ; Off                ; Off                ;
; Report Parameter Settings                                                  ; On                 ; On                 ;
; Report Source Assignments                                                  ; On                 ; On                 ;
; Report Connectivity Checks                                                 ; On                 ; On                 ;
; Ignore Maximum Fan-Out Assignments                                         ; Off                ; Off                ;
; Synchronization Register Chain Length                                      ; 2                  ; 2                  ;
; PowerPlay Power Optimization                                               ; Normal compilation ; Normal compilation ;
; HDL message level                                                          ; Level2             ; Level2             ;
; Suppress Register Optimization Related Messages                            ; Off                ; Off                ;
; Number of Removed Registers Reported in Synthesis Report                   ; 5000               ; 5000               ;
; Number of Swept Nodes Reported in Synthesis Report                         ; 5000               ; 5000               ;
; Number of Inverted Registers Reported in Synthesis Report                  ; 100                ; 100                ;
; Clock MUX Protection                                                       ; On                 ; On                 ;
; Auto Gated Clock Conversion                                                ; Off                ; Off                ;
; Block Design Naming                                                        ; Auto               ; Auto               ;
; SDC constraint protection                                                  ; Off                ; Off                ;
; Synthesis Effort                                                           ; Auto               ; Auto               ;
; Shift Register Replacement - Allow Asynchronous Clear Signal               ; On                 ; On                 ;
; Pre-Mapping Resynthesis Optimization                                       ; Off                ; Off                ;
; Analysis & Synthesis Message Level                                         ; Medium             ; Medium             ;
; Disable Register Merging Across Hierarchies                                ; Auto               ; Auto               ;
; Resource Aware Inference For Block RAM                                     ; On                 ; On                 ;
; Synthesis Seed                                                             ; 1                  ; 1                  ;
+----------------------------------------------------------------------------+--------------------+--------------------+


Parallel compilation was disabled, but you have multiple processors available. Enable parallel compilation to reduce compilation time.
+-------------------------------------+
; Parallel Compilation                ;
+----------------------------+--------+
; Processors                 ; Number ;
+----------------------------+--------+
; Number detected on machine ; 4      ;
; Maximum allowed            ; 1      ;
+----------------------------+--------+


+-------------------------------------------------------------------------------------------------------------------------------------------------------------------------------+
; Analysis & Synthesis Source Files Read                                                                                                                                        ;
+----------------------------------+-----------------+------------------------------------------+---------------------------------------------------------------------+---------+
; File Name with User-Entered Path ; Used in Netlist ; File Type                                ; File Name with Absolute Path                                        ; Library ;
+----------------------------------+-----------------+------------------------------------------+---------------------------------------------------------------------+---------+
; seletorOP.sv                     ; yes             ; User SystemVerilog HDL File              ; D:/Documentos/Projeto-LCL/projet-final-lcl/main-proj/seletorOP.sv   ;         ;
; memnum.bdf                       ; yes             ; User Block Diagram/Schematic File        ; D:/Documentos/Projeto-LCL/projet-final-lcl/main-proj/memnum.bdf     ;         ;
; seletorSAVE.sv                   ; yes             ; User SystemVerilog HDL File              ; D:/Documentos/Projeto-LCL/projet-final-lcl/main-proj/seletorSAVE.sv ;         ;
; seletorB.sv                      ; yes             ; User SystemVerilog HDL File              ; D:/Documentos/Projeto-LCL/projet-final-lcl/main-proj/seletorB.sv    ;         ;
; seletorA.sv                      ; yes             ; User SystemVerilog HDL File              ; D:/Documentos/Projeto-LCL/projet-final-lcl/main-proj/seletorA.sv    ;         ;
; operation.sv                     ; yes             ; User SystemVerilog HDL File              ; D:/Documentos/Projeto-LCL/projet-final-lcl/main-proj/operation.sv   ;         ;
; binbcd.sv                        ; yes             ; User SystemVerilog HDL File              ; D:/Documentos/Projeto-LCL/projet-final-lcl/main-proj/binbcd.sv      ;         ;
; ula.sv                           ; yes             ; User SystemVerilog HDL File              ; D:/Documentos/Projeto-LCL/projet-final-lcl/main-proj/ula.sv         ;         ;
; teclado.v                        ; yes             ; User Verilog HDL File                    ; D:/Documentos/Projeto-LCL/projet-final-lcl/main-proj/teclado.v      ;         ;
; decoder7.v                       ; yes             ; User Verilog HDL File                    ; D:/Documentos/Projeto-LCL/projet-final-lcl/main-proj/decoder7.v     ;         ;
; main.bdf                         ; yes             ; User Block Diagram/Schematic File        ; D:/Documentos/Projeto-LCL/projet-final-lcl/main-proj/main.bdf       ;         ;
; comp2bin.sv                      ; yes             ; User SystemVerilog HDL File              ; D:/Documentos/Projeto-LCL/projet-final-lcl/main-proj/comp2bin.sv    ;         ;
; mult_mux2.sv                     ; yes             ; User SystemVerilog HDL File              ; D:/Documentos/Projeto-LCL/projet-final-lcl/main-proj/mult_mux2.sv   ;         ;
; out_ctrl.sv                      ; yes             ; User SystemVerilog HDL File              ; D:/Documentos/Projeto-LCL/projet-final-lcl/main-proj/out_ctrl.sv    ;         ;
; out_num.bdf                      ; yes             ; User Block Diagram/Schematic File        ; D:/Documentos/Projeto-LCL/projet-final-lcl/main-proj/out_num.bdf    ;         ;
; out_res.bdf                      ; yes             ; User Block Diagram/Schematic File        ; D:/Documentos/Projeto-LCL/projet-final-lcl/main-proj/out_res.bdf    ;         ;
; memop.bdf                        ; yes             ; Auto-Found Block Diagram/Schematic File  ; D:/Documentos/Projeto-LCL/projet-final-lcl/main-proj/memop.bdf      ;         ;
+----------------------------------+-----------------+------------------------------------------+---------------------------------------------------------------------+---------+


+--------------------------------------------------------+
; Analysis & Synthesis Resource Usage Summary            ;
+---------------------------------------------+----------+
; Resource                                    ; Usage    ;
+---------------------------------------------+----------+
; Estimated Total logic elements              ; 504      ;
;                                             ;          ;
; Total combinational functions               ; 469      ;
; Logic element usage by number of LUT inputs ;          ;
;     -- 4 input functions                    ; 142      ;
;     -- 3 input functions                    ; 159      ;
;     -- <=2 input functions                  ; 168      ;
;                                             ;          ;
; Logic elements by mode                      ;          ;
;     -- normal mode                          ; 362      ;
;     -- arithmetic mode                      ; 107      ;
;                                             ;          ;
; Total registers                             ; 214      ;
;     -- Dedicated logic registers            ; 214      ;
;     -- I/O registers                        ; 0        ;
;                                             ;          ;
; I/O pins                                    ; 96       ;
; Embedded Multiplier 9-bit elements          ; 0        ;
; Maximum fan-out node                        ; CLOCK_50 ;
; Maximum fan-out                             ; 214      ;
; Total fan-out                               ; 2039     ;
; Average fan-out                             ; 2.62     ;
+---------------------------------------------+----------+


+--------------------------------------------------------------------------------------------------------------------------------------------------------------------------------------------------------------------+
; Analysis & Synthesis Resource Utilization by Entity                                                                                                                                                                ;
+----------------------------------+-------------------+--------------+-------------+--------------+---------+-----------+------+--------------+------------------------------------------------------+--------------+
; Compilation Hierarchy Node       ; LC Combinationals ; LC Registers ; Memory Bits ; DSP Elements ; DSP 9x9 ; DSP 18x18 ; Pins ; Virtual Pins ; Full Hierarchy Name                                  ; Library Name ;
+----------------------------------+-------------------+--------------+-------------+--------------+---------+-----------+------+--------------+------------------------------------------------------+--------------+
; |main                            ; 469 (0)           ; 214 (0)      ; 0           ; 0            ; 0       ; 0         ; 96   ; 0            ; |main                                                ; work         ;
;    |memnum:inst1|                ; 0 (0)             ; 24 (24)      ; 0           ; 0            ; 0       ; 0         ; 0    ; 0            ; |main|memnum:inst1                                   ; work         ;
;    |operation:main_controller|   ; 53 (53)           ; 35 (35)      ; 0           ; 0            ; 0       ; 0         ; 0    ; 0            ; |main|operation:main_controller                      ; work         ;
;    |out_ctrl:display_controller| ; 28 (28)           ; 27 (27)      ; 0           ; 0            ; 0       ; 0         ; 0    ; 0            ; |main|out_ctrl:display_controller                    ; work         ;
;    |out_num:num_a|               ; 36 (0)            ; 0 (0)        ; 0           ; 0            ; 0       ; 0         ; 0    ; 0            ; |main|out_num:num_a                                  ; work         ;
;       |binbcd:inst|              ; 22 (22)           ; 0 (0)        ; 0           ; 0            ; 0       ; 0         ; 0    ; 0            ; |main|out_num:num_a|binbcd:inst                      ; work         ;
;       |decoder7:inst2|           ; 14 (14)           ; 0 (0)        ; 0           ; 0            ; 0       ; 0         ; 0    ; 0            ; |main|out_num:num_a|decoder7:inst2                   ; work         ;
;    |out_num:num_b|               ; 36 (0)            ; 0 (0)        ; 0           ; 0            ; 0       ; 0         ; 0    ; 0            ; |main|out_num:num_b                                  ; work         ;
;       |binbcd:inst|              ; 22 (22)           ; 0 (0)        ; 0           ; 0            ; 0       ; 0         ; 0    ; 0            ; |main|out_num:num_b|binbcd:inst                      ; work         ;
;       |decoder7:inst2|           ; 14 (14)           ; 0 (0)        ; 0           ; 0            ; 0       ; 0         ; 0    ; 0            ; |main|out_num:num_b|decoder7:inst2                   ; work         ;
;    |out_res:num_res|             ; 74 (0)            ; 0 (0)        ; 0           ; 0            ; 0       ; 0         ; 0    ; 0            ; |main|out_res:num_res                                ; work         ;
;       |binbcd:inst3|             ; 35 (35)           ; 0 (0)        ; 0           ; 0            ; 0       ; 0         ; 0    ; 0            ; |main|out_res:num_res|binbcd:inst3                   ; work         ;
;       |comp2bin:inst|            ; 3 (0)             ; 0 (0)        ; 0           ; 0            ; 0       ; 0         ; 0    ; 0            ; |main|out_res:num_res|comp2bin:inst                  ; work         ;
;          |ula:u1|                ; 3 (0)             ; 0 (0)        ; 0           ; 0            ; 0       ; 0         ; 0    ; 0            ; |main|out_res:num_res|comp2bin:inst|ula:u1           ; work         ;
;             |fadder:f3|          ; 2 (2)             ; 0 (0)        ; 0           ; 0            ; 0       ; 0         ; 0    ; 0            ; |main|out_res:num_res|comp2bin:inst|ula:u1|fadder:f3 ; work         ;
;             |fadder:f5|          ; 1 (1)             ; 0 (0)        ; 0           ; 0            ; 0       ; 0         ; 0    ; 0            ; |main|out_res:num_res|comp2bin:inst|ula:u1|fadder:f5 ; work         ;
;       |decoder7:inst4|           ; 14 (14)           ; 0 (0)        ; 0           ; 0            ; 0       ; 0         ; 0    ; 0            ; |main|out_res:num_res|decoder7:inst4                 ; work         ;
;       |decoder7:inst5|           ; 14 (14)           ; 0 (0)        ; 0           ; 0            ; 0       ; 0         ; 0    ; 0            ; |main|out_res:num_res|decoder7:inst5                 ; work         ;
;       |mult_mux2:inst2|          ; 8 (8)             ; 0 (0)        ; 0           ; 0            ; 0       ; 0         ; 0    ; 0            ; |main|out_res:num_res|mult_mux2:inst2                ; work         ;
;    |teclado:key_binder|          ; 227 (0)           ; 128 (0)      ; 0           ; 0            ; 0       ; 0         ; 0    ; 0            ; |main|teclado:key_binder                             ; work         ;
;       |controlador:U0|           ; 227 (59)          ; 128 (40)     ; 0           ; 0            ; 0       ; 0         ; 0    ; 0            ; |main|teclado:key_binder|controlador:U0              ; work         ;
;          |Debouncer:d0|          ; 42 (42)           ; 22 (22)      ; 0           ; 0            ; 0       ; 0         ; 0    ; 0            ; |main|teclado:key_binder|controlador:U0|Debouncer:d0 ; work         ;
;          |Debouncer:d1|          ; 42 (42)           ; 22 (22)      ; 0           ; 0            ; 0       ; 0         ; 0    ; 0            ; |main|teclado:key_binder|controlador:U0|Debouncer:d1 ; work         ;
;          |Debouncer:d2|          ; 42 (42)           ; 22 (22)      ; 0           ; 0            ; 0       ; 0         ; 0    ; 0            ; |main|teclado:key_binder|controlador:U0|Debouncer:d2 ; work         ;
;          |Debouncer:d3|          ; 42 (42)           ; 22 (22)      ; 0           ; 0            ; 0       ; 0         ; 0    ; 0            ; |main|teclado:key_binder|controlador:U0|Debouncer:d3 ; work         ;
;    |ula:ula_circuit|             ; 15 (0)            ; 0 (0)        ; 0           ; 0            ; 0       ; 0         ; 0    ; 0            ; |main|ula:ula_circuit                                ; work         ;
;       |fadder:f0|                ; 1 (1)             ; 0 (0)        ; 0           ; 0            ; 0       ; 0         ; 0    ; 0            ; |main|ula:ula_circuit|fadder:f0                      ; work         ;
;       |fadder:f1|                ; 2 (2)             ; 0 (0)        ; 0           ; 0            ; 0       ; 0         ; 0    ; 0            ; |main|ula:ula_circuit|fadder:f1                      ; work         ;
;       |fadder:f3|                ; 4 (4)             ; 0 (0)        ; 0           ; 0            ; 0       ; 0         ; 0    ; 0            ; |main|ula:ula_circuit|fadder:f3                      ; work         ;
;       |fadder:f4|                ; 1 (1)             ; 0 (0)        ; 0           ; 0            ; 0       ; 0         ; 0    ; 0            ; |main|ula:ula_circuit|fadder:f4                      ; work         ;
;       |fadder:f5|                ; 2 (2)             ; 0 (0)        ; 0           ; 0            ; 0       ; 0         ; 0    ; 0            ; |main|ula:ula_circuit|fadder:f5                      ; work         ;
;       |fadder:f6|                ; 1 (1)             ; 0 (0)        ; 0           ; 0            ; 0       ; 0         ; 0    ; 0            ; |main|ula:ula_circuit|fadder:f6                      ; work         ;
;       |fadder:f7|                ; 2 (2)             ; 0 (0)        ; 0           ; 0            ; 0       ; 0         ; 0    ; 0            ; |main|ula:ula_circuit|fadder:f7                      ; work         ;
;       |mux2:m2|                  ; 1 (1)             ; 0 (0)        ; 0           ; 0            ; 0       ; 0         ; 0    ; 0            ; |main|ula:ula_circuit|mux2:m2                        ; work         ;
;       |mux2:m4|                  ; 1 (1)             ; 0 (0)        ; 0           ; 0            ; 0       ; 0         ; 0    ; 0            ; |main|ula:ula_circuit|mux2:m4                        ; work         ;
+----------------------------------+-------------------+--------------+-------------+--------------+---------+-----------+------+--------------+------------------------------------------------------+--------------+
Note: For table entries with two numbers listed, the numbers in parentheses indicate the number of resources of the given type used by the specific entity alone. The numbers listed outside of parentheses indicate the total resources of the given type used by the specific entity and all of its sub-entities in the hierarchy.


Encoding Type:  One-Hot
+-----------------------------------------------------------------------------------+
; State Machine - |main|operation:main_controller|byEstate                          ;
+----------------------+------------------+----------------------+------------------+
; Name                 ; byEstate.VALUE_A ; byEstate.VALUE_IGUAL ; byEstate.VALUE_B ;
+----------------------+------------------+----------------------+------------------+
; byEstate.VALUE_A     ; 0                ; 0                    ; 0                ;
; byEstate.VALUE_B     ; 1                ; 0                    ; 1                ;
; byEstate.VALUE_IGUAL ; 1                ; 1                    ; 0                ;
+----------------------+------------------+----------------------+------------------+


+----------------------------------------------------------------------------------------------------------------------+
; User-Specified and Inferred Latches                                                                                  ;
+-----------------------------------------------------+---------------------------------------+------------------------+
; Latch Name                                          ; Latch Enable Signal                   ; Free of Timing Hazards ;
+-----------------------------------------------------+---------------------------------------+------------------------+
; out_res:num_res|binbcd:inst3|bcd0[0]                ; out_res:num_res|binbcd:inst3|WideOr17 ; yes                    ;
; out_res:num_res|binbcd:inst3|bcd0[1]                ; out_res:num_res|binbcd:inst3|WideOr17 ; yes                    ;
; out_res:num_res|binbcd:inst3|bcd0[2]                ; out_res:num_res|binbcd:inst3|WideOr17 ; yes                    ;
; out_res:num_res|binbcd:inst3|bcd0[3]                ; out_res:num_res|binbcd:inst3|WideOr17 ; yes                    ;
; out_res:num_res|binbcd:inst3|bcd1[0]                ; out_res:num_res|binbcd:inst3|WideOr17 ; yes                    ;
; out_res:num_res|binbcd:inst3|bcd1[1]                ; out_res:num_res|binbcd:inst3|WideOr17 ; yes                    ;
; out_res:num_res|binbcd:inst3|bcd1[2]                ; out_res:num_res|binbcd:inst3|WideOr17 ; yes                    ;
; out_res:num_res|binbcd:inst3|bcd1[3]                ; out_res:num_res|binbcd:inst3|WideOr17 ; yes                    ;
; out_num:num_b|binbcd:inst|bcd0[0]                   ; out_num:num_b|binbcd:inst|WideOr17    ; yes                    ;
; out_num:num_b|binbcd:inst|bcd0[1]                   ; out_num:num_b|binbcd:inst|WideOr17    ; yes                    ;
; out_num:num_b|binbcd:inst|bcd0[2]                   ; out_num:num_b|binbcd:inst|WideOr17    ; yes                    ;
; out_num:num_b|binbcd:inst|bcd0[3]                   ; out_num:num_b|binbcd:inst|WideOr17    ; yes                    ;
; out_num:num_a|binbcd:inst|bcd0[0]                   ; out_num:num_a|binbcd:inst|WideOr17    ; yes                    ;
; out_num:num_a|binbcd:inst|bcd0[1]                   ; out_num:num_a|binbcd:inst|WideOr17    ; yes                    ;
; out_num:num_a|binbcd:inst|bcd0[2]                   ; out_num:num_a|binbcd:inst|WideOr17    ; yes                    ;
; out_num:num_a|binbcd:inst|bcd0[3]                   ; out_num:num_a|binbcd:inst|WideOr17    ; yes                    ;
; Number of user-specified and inferred latches = 16  ;                                       ;                        ;
+-----------------------------------------------------+---------------------------------------+------------------------+
Note: All latches listed above may not be present at the end of synthesis due to various synthesis optimizations.


+------------------------------------------------------+
; General Register Statistics                          ;
+----------------------------------------------+-------+
; Statistic                                    ; Value ;
+----------------------------------------------+-------+
; Total registers                              ; 214   ;
; Number of registers using Synchronous Clear  ; 40    ;
; Number of registers using Synchronous Load   ; 0     ;
; Number of registers using Asynchronous Clear ; 24    ;
; Number of registers using Asynchronous Load  ; 0     ;
; Number of registers using Clock Enable       ; 138   ;
; Number of registers using Preset             ; 0     ;
+----------------------------------------------+-------+


+------------------------------------------------------+
; Inverted Register Statistics                         ;
+--------------------------------------------+---------+
; Inverted Register                          ; Fan out ;
+--------------------------------------------+---------+
; teclado:key_binder|controlador:U0|linha[0] ; 4       ;
; Total number of inverted registers = 1     ;         ;
+--------------------------------------------+---------+


+--------------------------------------------------------------------------------------------------------------------------------------------------------------------------------+
; Multiplexer Restructuring Statistics (Restructuring Performed)                                                                                                                 ;
+--------------------+-----------+---------------+----------------------+------------------------+------------+------------------------------------------------------------------+
; Multiplexer Inputs ; Bus Width ; Baseline Area ; Area if Restructured ; Saving if Restructured ; Registered ; Example Multiplexer Output                                       ;
+--------------------+-----------+---------------+----------------------+------------------------+------------+------------------------------------------------------------------+
; 3:1                ; 2 bits    ; 4 LEs         ; 2 LEs                ; 2 LEs                  ; Yes        ; |main|operation:main_controller|estate[1]                        ;
; 3:1                ; 19 bits   ; 38 LEs        ; 19 LEs               ; 19 LEs                 ; Yes        ; |main|teclado:key_binder|controlador:U0|Debouncer:d0|Counter[12] ;
; 3:1                ; 19 bits   ; 38 LEs        ; 19 LEs               ; 19 LEs                 ; Yes        ; |main|teclado:key_binder|controlador:U0|Debouncer:d1|Counter[18] ;
; 3:1                ; 19 bits   ; 38 LEs        ; 19 LEs               ; 19 LEs                 ; Yes        ; |main|teclado:key_binder|controlador:U0|Debouncer:d2|Counter[13] ;
; 3:1                ; 19 bits   ; 38 LEs        ; 19 LEs               ; 19 LEs                 ; Yes        ; |main|teclado:key_binder|controlador:U0|Debouncer:d3|Counter[0]  ;
; 5:1                ; 8 bits    ; 24 LEs        ; 8 LEs                ; 16 LEs                 ; Yes        ; |main|out_ctrl:display_controller|numRes[3]                      ;
; 5:1                ; 8 bits    ; 24 LEs        ; 8 LEs                ; 16 LEs                 ; Yes        ; |main|out_ctrl:display_controller|numB[0]                        ;
; 5:1                ; 2 bits    ; 6 LEs         ; 4 LEs                ; 2 LEs                  ; Yes        ; |main|out_ctrl:display_controller|apaga_d[1]                     ;
; 5:1                ; 8 bits    ; 24 LEs        ; 8 LEs                ; 16 LEs                 ; Yes        ; |main|out_ctrl:display_controller|numA[0]                        ;
; 4:1                ; 4 bits    ; 8 LEs         ; 4 LEs                ; 4 LEs                  ; Yes        ; |main|operation:main_controller|memoryOut[0]                     ;
; 4:1                ; 4 bits    ; 8 LEs         ; 4 LEs                ; 4 LEs                  ; Yes        ; |main|operation:main_controller|memoryOut[4]                     ;
; 6:1                ; 4 bits    ; 16 LEs        ; 4 LEs                ; 12 LEs                 ; Yes        ; |main|operation:main_controller|numberB[3]                       ;
; 8:1                ; 4 bits    ; 20 LEs        ; 8 LEs                ; 12 LEs                 ; Yes        ; |main|operation:main_controller|numberB[4]                       ;
; 7:1                ; 4 bits    ; 16 LEs        ; 4 LEs                ; 12 LEs                 ; Yes        ; |main|operation:main_controller|numberA[2]                       ;
; 256:1              ; 4 bits    ; 680 LEs       ; 40 LEs               ; 640 LEs                ; Yes        ; |main|teclado:key_binder|controlador:U0|tecla[2]                 ;
; 9:1                ; 4 bits    ; 24 LEs        ; 8 LEs                ; 16 LEs                 ; Yes        ; |main|operation:main_controller|numberA[7]                       ;
; 13:1               ; 2 bits    ; 16 LEs        ; 6 LEs                ; 10 LEs                 ; No         ; |main|operation:main_controller|byEstate                         ;
+--------------------+-----------+---------------+----------------------+------------------------+------------+------------------------------------------------------------------+


+------------------------------------------------------------------------+
; Parameter Settings for User Entity Instance: operation:main_controller ;
+----------------+-------+-----------------------------------------------+
; Parameter Name ; Value ; Type                                          ;
+----------------+-------+-----------------------------------------------+
; ADD            ; 1100  ; Unsigned Binary                               ;
; SUB            ; 1011  ; Unsigned Binary                               ;
; IGUAL          ; 1101  ; Unsigned Binary                               ;
; SAVE           ; 1110  ; Unsigned Binary                               ;
; RECOVERY       ; 1111  ; Unsigned Binary                               ;
; VALUE_A        ; 00    ; Unsigned Binary                               ;
; VALUE_B        ; 01    ; Unsigned Binary                               ;
; VALUE_IGUAL    ; 10    ; Unsigned Binary                               ;
; ZERO_4         ; 000   ; Unsigned Binary                               ;
+----------------+-------+-----------------------------------------------+
Note: In order to hide this table in the UI and the text report file, please set the "Show Parameter Settings in Synthesis Report" option in "Analysis and Synthesis Settings -> More Settings" to "Off".


+----------------------------------------------------------------------------------------------------------------+
; Port Connectivity Checks: "out_res:num_res|comp2bin:inst|ula:u1|fadder:f7"                                     ;
+------+--------+----------+-------------------------------------------------------------------------------------+
; Port ; Type   ; Severity ; Details                                                                             ;
+------+--------+----------+-------------------------------------------------------------------------------------+
; Cout ; Output ; Info     ; Connected to dangling logic. Logic that only feeds a dangling port will be removed. ;
+------+--------+----------+-------------------------------------------------------------------------------------+


+------------------------------------------------------------------+
; Port Connectivity Checks: "out_res:num_res|comp2bin:inst|ula:u1" ;
+---------+-------+----------+-------------------------------------+
; Port    ; Type  ; Severity ; Details                             ;
+---------+-------+----------+-------------------------------------+
; B[7..1] ; Input ; Info     ; Stuck at GND                        ;
; B[0]    ; Input ; Info     ; Stuck at VCC                        ;
; op      ; Input ; Info     ; Stuck at VCC                        ;
+---------+-------+----------+-------------------------------------+


+----------------------------------------------------------------------------+
; Port Connectivity Checks: "teclado:key_binder|controlador:U0|Debouncer:d3" ;
+--------+--------+----------+-----------------------------------------------+
; Port   ; Type   ; Severity ; Details                                       ;
+--------+--------+----------+-----------------------------------------------+
; oPulse ; Output ; Info     ; Explicitly unconnected                        ;
+--------+--------+----------+-----------------------------------------------+


+----------------------------------------------------------------------------+
; Port Connectivity Checks: "teclado:key_binder|controlador:U0|Debouncer:d2" ;
+--------+--------+----------+-----------------------------------------------+
; Port   ; Type   ; Severity ; Details                                       ;
+--------+--------+----------+-----------------------------------------------+
; oPulse ; Output ; Info     ; Explicitly unconnected                        ;
+--------+--------+----------+-----------------------------------------------+


+----------------------------------------------------------------------------+
; Port Connectivity Checks: "teclado:key_binder|controlador:U0|Debouncer:d1" ;
+--------+--------+----------+-----------------------------------------------+
; Port   ; Type   ; Severity ; Details                                       ;
+--------+--------+----------+-----------------------------------------------+
; oPulse ; Output ; Info     ; Explicitly unconnected                        ;
+--------+--------+----------+-----------------------------------------------+


+----------------------------------------------------------------------------+
; Port Connectivity Checks: "teclado:key_binder|controlador:U0|Debouncer:d0" ;
+--------+--------+----------+-----------------------------------------------+
; Port   ; Type   ; Severity ; Details                                       ;
+--------+--------+----------+-----------------------------------------------+
; oPulse ; Output ; Info     ; Explicitly unconnected                        ;
+--------+--------+----------+-----------------------------------------------+


+-------------------------------+
; Elapsed Time Per Partition    ;
+----------------+--------------+
; Partition Name ; Elapsed Time ;
+----------------+--------------+
; Top            ; 00:00:01     ;
+----------------+--------------+


+-------------------------------+
; Analysis & Synthesis Messages ;
+-------------------------------+
Info: *******************************************************************
Info: Running Quartus II 64-Bit Analysis & Synthesis
    Info: Version 13.0.1 Build 232 06/12/2013 Service Pack 1 SJ Web Edition
    Info: Processing started: Tue Dec 04 20:36:58 2018
Info: Command: quartus_map --read_settings_files=on --write_settings_files=off project_final -c project_final
Warning (20028): Parallel compilation is not licensed and has been disabled
Info (12021): Found 1 design units, including 1 entities, in source file seletorop.sv
    Info (12023): Found entity 1: seletorOP
Info (12021): Found 1 design units, including 1 entities, in source file memnum.bdf
    Info (12023): Found entity 1: memnum
Info (12021): Found 1 design units, including 1 entities, in source file seletorsave.sv
    Info (12023): Found entity 1: seletorSAVE
Info (12021): Found 1 design units, including 1 entities, in source file seletorb.sv
    Info (12023): Found entity 1: seletorB
Info (12021): Found 1 design units, including 1 entities, in source file seletora.sv
    Info (12023): Found entity 1: seletorA
Info (12021): Found 1 design units, including 1 entities, in source file operation.sv
    Info (12023): Found entity 1: operation
Info (12021): Found 1 design units, including 1 entities, in source file binbcd.sv
    Info (12023): Found entity 1: binbcd
Info (12021): Found 3 design units, including 3 entities, in source file ula.sv
    Info (12023): Found entity 1: ula
    Info (12023): Found entity 2: mux2
    Info (12023): Found entity 3: fadder
Warning (12019): Can't analyze file -- file top.bdf is missing
Info (12021): Found 3 design units, including 3 entities, in source file teclado.v
    Info (12023): Found entity 1: teclado
    Info (12023): Found entity 2: controlador
    Info (12023): Found entity 3: Debouncer
Info (12021): Found 1 design units, including 1 entities, in source file decoder7.v
    Info (12023): Found entity 1: decoder7
Info (12021): Found 1 design units, including 1 entities, in source file main.bdf
    Info (12023): Found entity 1: main
Info (12021): Found 1 design units, including 1 entities, in source file comp2bin.sv
    Info (12023): Found entity 1: comp2bin
Info (12021): Found 1 design units, including 1 entities, in source file mult_mux2.sv
    Info (12023): Found entity 1: mult_mux2
Info (12021): Found 1 design units, including 1 entities, in source file out_ctrl.sv
    Info (12023): Found entity 1: out_ctrl
Info (12021): Found 1 design units, including 1 entities, in source file out_num.bdf
    Info (12023): Found entity 1: out_num
Info (12021): Found 1 design units, including 1 entities, in source file out_res.bdf
    Info (12023): Found entity 1: out_res
Info (12127): Elaborating entity "main" for the top level hierarchy
Warning (275089): Not all bits in bus "LEDR[17..9]" are used
Warning (275080): Converted elements in bus name "LEDR" using legacy naming rules. Make any assignments on the new names, not on the original names.
    Warning (275081): Converted element name(s) from "LEDR[17]" to "LEDR17"
    Warning (275081): Converted element name(s) from "LEDR[16]" to "LEDR16"
    Warning (275081): Converted element name(s) from "LEDR[15]" to "LEDR15"
    Warning (275081): Converted element name(s) from "LEDR[14]" to "LEDR14"
    Warning (275081): Converted element name(s) from "LEDR[12]" to "LEDR12"
    Warning (275081): Converted element name(s) from "LEDR[11]" to "LEDR11"
    Warning (275081): Converted element name(s) from "LEDR[10]" to "LEDR10"
    Warning (275081): Converted element name(s) from "LEDR[9]" to "LEDR9"
Info (12128): Elaborating entity "teclado" for hierarchy "teclado:key_binder"
Info (12128): Elaborating entity "controlador" for hierarchy "teclado:key_binder|controlador:U0"
Info (12128): Elaborating entity "Debouncer" for hierarchy "teclado:key_binder|controlador:U0|Debouncer:d0"
Info (12128): Elaborating entity "out_res" for hierarchy "out_res:num_res"
Info (12128): Elaborating entity "decoder7" for hierarchy "out_res:num_res|decoder7:inst4"
Warning (10240): Verilog HDL Always Construct warning at decoder7.v(10): inferring latch(es) for variable "Out", which holds its previous value in one or more paths through the always construct
Info (10041): Inferred latch for "Out[0]" at decoder7.v(35)
Info (10041): Inferred latch for "Out[1]" at decoder7.v(35)
Info (10041): Inferred latch for "Out[2]" at decoder7.v(35)
Info (10041): Inferred latch for "Out[3]" at decoder7.v(35)
Info (10041): Inferred latch for "Out[4]" at decoder7.v(35)
Info (10041): Inferred latch for "Out[5]" at decoder7.v(35)
Info (10041): Inferred latch for "Out[6]" at decoder7.v(35)
Info (12128): Elaborating entity "binbcd" for hierarchy "out_res:num_res|binbcd:inst3"
Warning (10270): Verilog HDL Case Statement warning at binbcd.sv(8): incomplete case statement has no default case item
Warning (10240): Verilog HDL Always Construct warning at binbcd.sv(8): inferring latch(es) for variable "bcd1", which holds its previous value in one or more paths through the always construct
Warning (10240): Verilog HDL Always Construct warning at binbcd.sv(8): inferring latch(es) for variable "bcd0", which holds its previous value in one or more paths through the always construct
Info (10041): Inferred latch for "bcd0[0]" at binbcd.sv(8)
Info (10041): Inferred latch for "bcd0[1]" at binbcd.sv(8)
Info (10041): Inferred latch for "bcd0[2]" at binbcd.sv(8)
Info (10041): Inferred latch for "bcd0[3]" at binbcd.sv(8)
Info (10041): Inferred latch for "bcd1[0]" at binbcd.sv(8)
Info (10041): Inferred latch for "bcd1[1]" at binbcd.sv(8)
Info (10041): Inferred latch for "bcd1[2]" at binbcd.sv(8)
Info (10041): Inferred latch for "bcd1[3]" at binbcd.sv(8)
Info (12128): Elaborating entity "mult_mux2" for hierarchy "out_res:num_res|mult_mux2:inst2"
Info (12128): Elaborating entity "comp2bin" for hierarchy "out_res:num_res|comp2bin:inst"
Info (12128): Elaborating entity "ula" for hierarchy "out_res:num_res|comp2bin:inst|ula:u1"
Info (12128): Elaborating entity "mux2" for hierarchy "out_res:num_res|comp2bin:inst|ula:u1|mux2:m0"
Info (12128): Elaborating entity "fadder" for hierarchy "out_res:num_res|comp2bin:inst|ula:u1|fadder:f0"
Info (12128): Elaborating entity "out_ctrl" for hierarchy "out_ctrl:display_controller"
Info (12128): Elaborating entity "operation" for hierarchy "operation:main_controller"
Warning (10230): Verilog HDL assignment warning at operation.sv(35): truncated value with size 32 to match size of target (1)
Warning (10230): Verilog HDL assignment warning at operation.sv(75): truncated value with size 32 to match size of target (1)
Info (12128): Elaborating entity "memnum" for hierarchy "memnum:inst1"
Info (12128): Elaborating entity "seletorA" for hierarchy "memnum:inst1|seletorA:inst99"
Info (12128): Elaborating entity "seletorB" for hierarchy "memnum:inst1|seletorB:inst"
Info (12128): Elaborating entity "seletorSAVE" for hierarchy "memnum:inst1|seletorSAVE:inst16"
Info (12128): Elaborating entity "out_num" for hierarchy "out_num:num_b"
Warning (12125): Using design file memop.bdf, which is not specified as a design file for the current project, but contains definitions for 1 design units and 1 entities in project
    Info (12023): Found entity 1: memop
Info (12128): Elaborating entity "memop" for hierarchy "memop:inst2"
Info (12128): Elaborating entity "seletorOP" for hierarchy "memop:inst2|seletorOP:inst3"
Warning (13034): The following nodes have both tri-state and non-tri-state drivers
    Warning (13035): Inserted always-enabled tri-state buffer between "GPIO_1[25]" and its non-tri-state driver.
    Warning (13035): Inserted always-enabled tri-state buffer between "GPIO_1[23]" and its non-tri-state driver.
    Warning (13035): Inserted always-enabled tri-state buffer between "GPIO_1[21]" and its non-tri-state driver.
    Warning (13035): Inserted always-enabled tri-state buffer between "GPIO_1[19]" and its non-tri-state driver.
Warning (13039): The following bidir pins have no drivers
    Warning (13040): Bidir "GPIO_1" has no driver
    Warning (13040): Bidir "GPIO_1" has no driver
    Warning (13040): Bidir "GPIO_1" has no driver
    Warning (13040): Bidir "GPIO_1" has no driver
    Warning (13040): Bidir "GPIO_1" has no driver
    Warning (13040): Bidir "GPIO_1" has no driver
    Warning (13040): Bidir "GPIO_1" has no driver
    Warning (13040): Bidir "GPIO_1" has no driver
    Warning (13040): Bidir "GPIO_1" has no driver
    Warning (13040): Bidir "GPIO_1" has no driver
    Warning (13040): Bidir "GPIO_1" has no driver
    Warning (13040): Bidir "GPIO_1" has no driver
    Warning (13040): Bidir "GPIO_1" has no driver
    Warning (13040): Bidir "GPIO_1" has no driver
    Warning (13040): Bidir "GPIO_1" has no driver
    Warning (13040): Bidir "GPIO_1" has no driver
    Warning (13040): Bidir "GPIO_1" has no driver
    Warning (13040): Bidir "GPIO_1" has no driver
    Warning (13040): Bidir "GPIO_1" has no driver
    Warning (13040): Bidir "GPIO_1" has no driver
    Warning (13040): Bidir "GPIO_1" has no driver
    Warning (13040): Bidir "GPIO_1" has no driver
    Warning (13040): Bidir "GPIO_1" has no driver
    Warning (13040): Bidir "GPIO_1" has no driver
    Warning (13040): Bidir "GPIO_1" has no driver
    Warning (13040): Bidir "GPIO_1" has no driver
    Warning (13040): Bidir "GPIO_1" has no driver
    Warning (13040): Bidir "GPIO_1" has no driver
    Warning (13040): Bidir "GPIO_1" has no driver
    Warning (13040): Bidir "GPIO_1" has no driver
    Warning (13040): Bidir "GPIO_1" has no driver
    Warning (13040): Bidir "GPIO_1" has no driver
Warning (13012): Latch out_res:num_res|binbcd:inst3|bcd0[0] has unsafe behavior
    Warning (13013): Ports D and ENA on the latch are fed by the same signal out_ctrl:display_controller|numRes[0]
Warning (13012): Latch out_res:num_res|binbcd:inst3|bcd0[1] has unsafe behavior
    Warning (13013): Ports D and ENA on the latch are fed by the same signal out_ctrl:display_controller|numRes[6]
Warning (13012): Latch out_res:num_res|binbcd:inst3|bcd0[2] has unsafe behavior
    Warning (13013): Ports D and ENA on the latch are fed by the same signal out_ctrl:display_controller|numRes[6]
Warning (13012): Latch out_res:num_res|binbcd:inst3|bcd0[3] has unsafe behavior
    Warning (13013): Ports D and ENA on the latch are fed by the same signal out_ctrl:display_controller|numRes[6]
Warning (13012): Latch out_res:num_res|binbcd:inst3|bcd1[0] has unsafe behavior
    Warning (13013): Ports D and ENA on the latch are fed by the same signal out_ctrl:display_controller|numRes[6]
Warning (13012): Latch out_res:num_res|binbcd:inst3|bcd1[1] has unsafe behavior
    Warning (13013): Ports D and ENA on the latch are fed by the same signal out_ctrl:display_controller|numRes[5]
Warning (13012): Latch out_res:num_res|binbcd:inst3|bcd1[2] has unsafe behavior
    Warning (13013): Ports D and ENA on the latch are fed by the same signal out_ctrl:display_controller|numRes[3]
Warning (13012): Latch out_res:num_res|binbcd:inst3|bcd1[3] has unsafe behavior
    Warning (13013): Ports D and ENA on the latch are fed by the same signal out_ctrl:display_controller|numRes[4]
Warning (13012): Latch out_num:num_b|binbcd:inst|bcd0[1] has unsafe behavior
    Warning (13013): Ports D and ENA on the latch are fed by the same signal out_ctrl:display_controller|numB[7]
Warning (13012): Latch out_num:num_b|binbcd:inst|bcd0[2] has unsafe behavior
    Warning (13013): Ports D and ENA on the latch are fed by the same signal out_ctrl:display_controller|numB[7]
Warning (13012): Latch out_num:num_b|binbcd:inst|bcd0[3] has unsafe behavior
    Warning (13013): Ports D and ENA on the latch are fed by the same signal out_ctrl:display_controller|numB[7]
Warning (13012): Latch out_num:num_a|binbcd:inst|bcd0[1] has unsafe behavior
    Warning (13013): Ports D and ENA on the latch are fed by the same signal out_ctrl:display_controller|numA[7]
Warning (13012): Latch out_num:num_a|binbcd:inst|bcd0[2] has unsafe behavior
    Warning (13013): Ports D and ENA on the latch are fed by the same signal out_ctrl:display_controller|numA[7]
Warning (13012): Latch out_num:num_a|binbcd:inst|bcd0[3] has unsafe behavior
    Warning (13013): Ports D and ENA on the latch are fed by the same signal out_ctrl:display_controller|numA[7]
Warning (13009): TRI or OPNDRN buffers permanently enabled
    Warning (13010): Node "GPIO_1~synth"
    Warning (13010): Node "GPIO_1~synth"
    Warning (13010): Node "GPIO_1~synth"
    Warning (13010): Node "GPIO_1~synth"
Warning (13024): Output pins are stuck at VCC or GND
    Warning (13410): Pin "HEX2[5]" is stuck at VCC
    Warning (13410): Pin "HEX2[4]" is stuck at VCC
    Warning (13410): Pin "HEX2[3]" is stuck at VCC
    Warning (13410): Pin "HEX2[2]" is stuck at VCC
    Warning (13410): Pin "HEX2[1]" is stuck at VCC
    Warning (13410): Pin "HEX2[0]" is stuck at VCC
    Warning (13410): Pin "HEX5[6]" is stuck at VCC
    Warning (13410): Pin "HEX5[5]" is stuck at VCC
    Warning (13410): Pin "HEX5[4]" is stuck at VCC
    Warning (13410): Pin "HEX5[3]" is stuck at VCC
    Warning (13410): Pin "HEX5[2]" is stuck at VCC
    Warning (13410): Pin "HEX5[1]" is stuck at VCC
    Warning (13410): Pin "HEX5[0]" is stuck at VCC
    Warning (13410): Pin "HEX7[6]" is stuck at VCC
    Warning (13410): Pin "HEX7[5]" is stuck at VCC
    Warning (13410): Pin "HEX7[4]" is stuck at VCC
    Warning (13410): Pin "HEX7[3]" is stuck at VCC
    Warning (13410): Pin "HEX7[2]" is stuck at VCC
    Warning (13410): Pin "HEX7[1]" is stuck at VCC
    Warning (13410): Pin "HEX7[0]" is stuck at VCC
Info (16010): Generating hard_block partition "hard_block:auto_generated_inst"
    Info (16011): Adding 0 node(s), including 0 DDIO, 0 PLL, 0 transceiver and 0 LCELL
Info (21057): Implemented 606 device resources after synthesis - the final resource count might be different
    Info (21058): Implemented 2 input pins
    Info (21059): Implemented 58 output pins
    Info (21060): Implemented 36 bidirectional pins
    Info (21061): Implemented 510 logic cells
Info: Quartus II 64-Bit Analysis & Synthesis was successful. 0 errors, 111 warnings
    Info: Peak virtual memory: 4619 megabytes
    Info: Processing ended: Tue Dec 04 20:37:01 2018
    Info: Elapsed time: 00:00:03
    Info: Total CPU time (on all processors): 00:00:02


